// Jest Snapshot v1, https://goo.gl/fbAQLP

exports[`Tests for <SearchScreen /> component should show correctly with default values 1`] = `
Array [
  <h1>
    Search
  </h1>,
  <hr />,
  <div
    className="row"
  >
    <div
      className="col-5"
    >
      <h4>
        Search
      </h4>
      <hr />
      <form
        onSubmit={[Function]}
      >
        <input
          autoComplete="off"
          className="form-control"
          name="searchText"
          onChange={[Function]}
          placeholder="Search for a hero"
          type="text"
          value=""
        />
        <button
          className="btn btn-outline-primary mt-1"
          onClick={[Function]}
          type="submit"
        >
          Search...
        </button>
      </form>
    </div>
    <div
      className="col-7"
    >
      <h4>
        Results
      </h4>
      <hr />
      <div
        className="alert alert-info"
      >
         Please enter a hero!
      </div>
    </div>
  </div>,
]
`;
